###############################################################################
#
# IAR ELF Linker V8.20.1.14183/W32 for ARM                16/May/2018  19:44:29
# Copyright 2007-2017 IAR Systems AB.
#
#    Output file  =  
#        C:\Users\rasmu\Documents\GitHub\rc circuit-breaker
#        system\EWARM\transmitter\Exe\transmitter.out
#    Map file     =  
#        C:\Users\rasmu\Documents\GitHub\rc circuit-breaker
#        system\EWARM\transmitter\List\transmitter.map
#    Command line =  
#        -f C:\Users\rasmu\AppData\Local\Temp\EW132F.tmp
#        ("C:\Users\rasmu\Documents\GitHub\rc circuit-breaker
#        system\EWARM\transmitter\Obj\gpio.o"
#        "C:\Users\rasmu\Documents\GitHub\rc circuit-breaker
#        system\EWARM\transmitter\Obj\lcd.o"
#        "C:\Users\rasmu\Documents\GitHub\rc circuit-breaker
#        system\EWARM\transmitter\Obj\LoRa.o"
#        "C:\Users\rasmu\Documents\GitHub\rc circuit-breaker
#        system\EWARM\transmitter\Obj\main.o"
#        "C:\Users\rasmu\Documents\GitHub\rc circuit-breaker
#        system\EWARM\transmitter\Obj\spi.o"
#        "C:\Users\rasmu\Documents\GitHub\rc circuit-breaker
#        system\EWARM\transmitter\Obj\startup_stm32l152xc.o"
#        "C:\Users\rasmu\Documents\GitHub\rc circuit-breaker
#        system\EWARM\transmitter\Obj\stm32l152c_discovery.o"
#        "C:\Users\rasmu\Documents\GitHub\rc circuit-breaker
#        system\EWARM\transmitter\Obj\stm32l152c_discovery_glass_lcd.o"
#        "C:\Users\rasmu\Documents\GitHub\rc circuit-breaker
#        system\EWARM\transmitter\Obj\stm32l1xx_hal.o"
#        "C:\Users\rasmu\Documents\GitHub\rc circuit-breaker
#        system\EWARM\transmitter\Obj\stm32l1xx_hal_cortex.o"
#        "C:\Users\rasmu\Documents\GitHub\rc circuit-breaker
#        system\EWARM\transmitter\Obj\stm32l1xx_hal_dma.o"
#        "C:\Users\rasmu\Documents\GitHub\rc circuit-breaker
#        system\EWARM\transmitter\Obj\stm32l1xx_hal_flash.o"
#        "C:\Users\rasmu\Documents\GitHub\rc circuit-breaker
#        system\EWARM\transmitter\Obj\stm32l1xx_hal_flash_ex.o"
#        "C:\Users\rasmu\Documents\GitHub\rc circuit-breaker
#        system\EWARM\transmitter\Obj\stm32l1xx_hal_flash_ramfunc.o"
#        "C:\Users\rasmu\Documents\GitHub\rc circuit-breaker
#        system\EWARM\transmitter\Obj\stm32l1xx_hal_gpio.o"
#        "C:\Users\rasmu\Documents\GitHub\rc circuit-breaker
#        system\EWARM\transmitter\Obj\stm32l1xx_hal_lcd.o"
#        "C:\Users\rasmu\Documents\GitHub\rc circuit-breaker
#        system\EWARM\transmitter\Obj\stm32l1xx_hal_msp.o"
#        "C:\Users\rasmu\Documents\GitHub\rc circuit-breaker
#        system\EWARM\transmitter\Obj\stm32l1xx_hal_pwr.o"
#        "C:\Users\rasmu\Documents\GitHub\rc circuit-breaker
#        system\EWARM\transmitter\Obj\stm32l1xx_hal_pwr_ex.o"
#        "C:\Users\rasmu\Documents\GitHub\rc circuit-breaker
#        system\EWARM\transmitter\Obj\stm32l1xx_hal_rcc.o"
#        "C:\Users\rasmu\Documents\GitHub\rc circuit-breaker
#        system\EWARM\transmitter\Obj\stm32l1xx_hal_rcc_ex.o"
#        "C:\Users\rasmu\Documents\GitHub\rc circuit-breaker
#        system\EWARM\transmitter\Obj\stm32l1xx_hal_spi.o"
#        "C:\Users\rasmu\Documents\GitHub\rc circuit-breaker
#        system\EWARM\transmitter\Obj\stm32l1xx_hal_spi_ex.o"
#        "C:\Users\rasmu\Documents\GitHub\rc circuit-breaker
#        system\EWARM\transmitter\Obj\stm32l1xx_hal_tim.o"
#        "C:\Users\rasmu\Documents\GitHub\rc circuit-breaker
#        system\EWARM\transmitter\Obj\stm32l1xx_hal_tim_ex.o"
#        "C:\Users\rasmu\Documents\GitHub\rc circuit-breaker
#        system\EWARM\transmitter\Obj\stm32l1xx_it.o"
#        "C:\Users\rasmu\Documents\GitHub\rc circuit-breaker
#        system\EWARM\transmitter\Obj\system_stm32l1xx.o"
#        "C:\Users\rasmu\Documents\GitHub\rc circuit-breaker
#        system\EWARM\transmitter\Obj\system_util.o" --redirect
#        _Printf=_PrintfFull --redirect _Scanf=_ScanfFull -o
#        "C:\Users\rasmu\Documents\GitHub\rc circuit-breaker
#        system\EWARM\transmitter\Exe\transmitter.out" --map
#        "C:\Users\rasmu\Documents\GitHub\rc circuit-breaker
#        system\EWARM\transmitter\List\transmitter.map" --config
#        "C:\Users\rasmu\Documents\GitHub\rc circuit-breaker
#        system\EWARM/stm32l152xc_flash.icf" --semihosting --entry
#        __iar_program_start --vfe --text_out locale)
#
###############################################################################

*******************************************************************************
*** RUNTIME MODEL ATTRIBUTES
***

CppFlavor       = *
__SystemLibrary = DLib
__dlib_version  = 6


*******************************************************************************
*** HEAP SELECTION
***

The basic heap was selected because some modules are built with
size limitations (and not runtime checking), and --advanced_heap
was not specified.


*******************************************************************************
*** PLACEMENT SUMMARY
***

"A0":  place at 0x08000000 { ro section .intvec };
"P1":  place in [from 0x08000000 to 0x0803ffff] { ro };
define block CSTACK with size = 1K, alignment = 8 { };
define block HEAP with size = 512, alignment = 8 { };
"P2":  place in [from 0x20000000 to 0x20007fff] {
          rw, block CSTACK, block HEAP };
initialize by copy { rw };

  Section            Kind        Address    Size  Object
  -------            ----        -------    ----  ------
"A0":                                      0x124
  .intvec            ro code  0x08000000   0x124  startup_stm32l152xc.o [1]
                            - 0x08000124   0x124

"P1":                                     0x4ec6
  .text              ro code  0x08000124   0xf4e  xprintffull.o [3]
  .text              ro code  0x08001072    0x1e  xencoding_8859_1.o [3]
  .text              ro code  0x08001090    0x78  xlocale_c.o [3]
  .text              ro code  0x08001108    0x16  strchr.o [5]
  .text              ro code  0x0800111e     0xa  xsprout.o [3]
  .text              ro code  0x08001128    0x44  xfail_s.o [3]
  .text              ro code  0x0800116c    0x36  strlen.o [5]
  .rodata            const    0x080011a2     0x2  stm32l152c_discovery.o [1]
  .text              ro code  0x080011a4    0x58  memchr.o [5]
  .text              ro code  0x080011fc     0xa  xmbcurmax.o [3]
  .rodata            const    0x08001206     0x1  stm32l152c_discovery.o [1]
  .text              ro code  0x08001208    0xa6  ABImemcpy.o [5]
  .text              ro code  0x080012b0   0x22e  I64DivMod.o [5]
  .text              ro code  0x080014e0   0x1a2  DblMul.o [4]
  .text              ro code  0x08001684    0x70  frexp.o [4]
  .text              ro code  0x080016f4    0x2e  DblCmpLe.o [4]
  .text              ro code  0x08001724    0x2e  DblCmpGe.o [4]
  .text              ro code  0x08001754   0x13a  ldexp.o [4]
  .text              ro code  0x08001890    0x3a  DblToS32.o [4]
  .text              ro code  0x080018cc    0x22  S32ToDbl.o [4]
  .text              ro code  0x080018f0    0xe2  DblSub.o [4]
  .text              ro code  0x080019d4   0x246  DblDiv.o [4]
  .text              ro code  0x08001c1c    0x28  DblToU32.o [4]
  .text              ro code  0x08001c44    0x1a  U32ToDbl.o [4]
  .text              ro code  0x08001c5e     0x6  abort.o [3]
  .text              ro code  0x08001c64     0x2  I64DivZer.o [5]
  .text              ro code  0x08001c68   0x168  DblAdd.o [4]
  .text              ro code  0x08001dd0    0x14  exit.o [6]
  .text              ro code  0x08001de4   0xcc8  stm32l1xx_hal_rcc.o [1]
  .text              ro code  0x08002aac     0xc  stm32l1xx_hal.o [1]
  .text              ro code  0x08002ab8    0x28  stm32l1xx_hal.o [1]
  .text              ro code  0x08002ae0    0x10  stm32l1xx_hal_pwr_ex.o [1]
  .text              ro code  0x08002af0   0x14e  stm32l1xx_hal_cortex.o [1]
  .text              ro code  0x08002c40   0xbcc  stm32l152c_discovery_glass_lcd.o [1]
  .text              ro code  0x0800380c   0x290  stm32l1xx_hal_lcd.o [1]
  .text              ro code  0x08003a9c     0x6  ABImemclr4.o [5]
  .text              ro code  0x08003aa4   0x1a0  stm32l1xx_hal_rcc_ex.o [1]
  .text              ro code  0x08003c44   0x214  stm32l1xx_hal_gpio.o [1]
  .text              ro code  0x08003e58    0x18  stm32l1xx_hal.o [1]
  .text              ro code  0x08003e70    0xb8  lcd.o [1]
  .text              ro code  0x08003f28    0x32  ABImemset48.o [5]
  .text              ro code  0x08003f5c   0x620  stm32l1xx_hal_spi.o [1]
  .text              ro code  0x0800457c   0x1d8  LoRa.o [1]
  .text              ro code  0x08004754   0x18c  spi.o [1]
  .text              ro code  0x080048e0    0x8c  stm32l1xx_hal_spi_ex.o [1]
  .text              ro code  0x0800496c    0xc2  system_util.o [1]
  .text              ro code  0x08004a30    0x16  stm32l1xx_hal.o [1]
  .text              ro code  0x08004a48    0xcc  stm32l152c_discovery.o [1]
  .text              ro code  0x08004b14    0x98  stm32l1xx_hal_msp.o [1]
  Initializer bytes  const    0x08004bac    0x8c  <for P2-1>
  .text              ro code  0x08004c38    0x7c  main.o [1]
  .text              ro code  0x08004cb4    0x40  sprintf.o [3]
  .text              ro code  0x08004cf4    0x64  system_stm32l1xx.o [1]
  .text              ro code  0x08004d58    0x40  zero_init3.o [5]
  .rodata            const    0x08004d98    0x34  stm32l152c_discovery_glass_lcd.o [1]
  .text              ro code  0x08004dcc    0x2c  copy_init3.o [5]
  .text              ro code  0x08004df8    0x28  data_init.o [5]
  .iar.init_table    const    0x08004e20    0x24  - Linker created -
  .text              ro code  0x08004e44    0x1e  cmain.o [5]
  .text              ro code  0x08004e62     0x4  low_level_init.o [3]
  .text              ro code  0x08004e66     0x4  exit.o [3]
  .text              ro code  0x08004e6c     0xa  cexit.o [5]
  .rodata            const    0x08004e78    0x14  stm32l152c_discovery_glass_lcd.o [1]
  .rodata            const    0x08004e8c    0x10  system_stm32l1xx.o [1]
  .text              ro code  0x08004e9c    0x10  startup_stm32l152xc.o [1]
  .text              ro code  0x08004eac    0x10  stm32l1xx_hal.o [1]
  .rodata            const    0x08004ebc     0xc  system_stm32l1xx.o [1]
  .text              ro code  0x08004ec8     0xc  stm32l1xx_it.o [1]
  .text              ro code  0x08004ed4     0xc  cstartup_M.o [5]
  .rodata            const    0x08004ee0     0x8  main.o [1]
  .rodata            const    0x08004ee8     0x8  main.o [1]
  .rodata            const    0x08004ef0     0x6  xlocale_c.o [3]
  .text              ro code  0x08004ef6     0x4  startup_stm32l152xc.o [1]
  .text              ro code  0x08004efa     0x4  startup_stm32l152xc.o [1]
  .text              ro code  0x08004efe     0x4  startup_stm32l152xc.o [1]
  .text              ro code  0x08004f02     0x4  startup_stm32l152xc.o [1]
  .text              ro code  0x08004f06     0x4  startup_stm32l152xc.o [1]
  .text              ro code  0x08004f0a     0x4  startup_stm32l152xc.o [1]
  .text              ro code  0x08004f0e     0x4  startup_stm32l152xc.o [1]
  .text              ro code  0x08004f12     0x4  startup_stm32l152xc.o [1]
  .text              ro code  0x08004f16     0x4  startup_stm32l152xc.o [1]
  .text              ro code  0x08004f1a     0x4  startup_stm32l152xc.o [1]
  .text              ro code  0x08004f1e     0x4  startup_stm32l152xc.o [1]
  .text              ro code  0x08004f22     0x4  startup_stm32l152xc.o [1]
  .text              ro code  0x08004f26     0x4  startup_stm32l152xc.o [1]
  .text              ro code  0x08004f2a     0x4  startup_stm32l152xc.o [1]
  .text              ro code  0x08004f2e     0x4  startup_stm32l152xc.o [1]
  .text              ro code  0x08004f32     0x4  startup_stm32l152xc.o [1]
  .text              ro code  0x08004f36     0x4  startup_stm32l152xc.o [1]
  .text              ro code  0x08004f3a     0x4  startup_stm32l152xc.o [1]
  .text              ro code  0x08004f3e     0x4  startup_stm32l152xc.o [1]
  .text              ro code  0x08004f42     0x4  startup_stm32l152xc.o [1]
  .text              ro code  0x08004f46     0x4  startup_stm32l152xc.o [1]
  .text              ro code  0x08004f4a     0x4  startup_stm32l152xc.o [1]
  .text              ro code  0x08004f4e     0x4  startup_stm32l152xc.o [1]
  .text              ro code  0x08004f52     0x4  startup_stm32l152xc.o [1]
  .text              ro code  0x08004f56     0x4  startup_stm32l152xc.o [1]
  .text              ro code  0x08004f5a     0x4  startup_stm32l152xc.o [1]
  .text              ro code  0x08004f5e     0x4  startup_stm32l152xc.o [1]
  .text              ro code  0x08004f62     0x4  startup_stm32l152xc.o [1]
  .text              ro code  0x08004f66     0x4  startup_stm32l152xc.o [1]
  .text              ro code  0x08004f6a     0x4  startup_stm32l152xc.o [1]
  .text              ro code  0x08004f6e     0x4  startup_stm32l152xc.o [1]
  .text              ro code  0x08004f72     0x4  startup_stm32l152xc.o [1]
  .text              ro code  0x08004f76     0x4  startup_stm32l152xc.o [1]
  .text              ro code  0x08004f7a     0x4  startup_stm32l152xc.o [1]
  .text              ro code  0x08004f7e     0x4  startup_stm32l152xc.o [1]
  .text              ro code  0x08004f82     0x4  startup_stm32l152xc.o [1]
  .text              ro code  0x08004f86     0x4  startup_stm32l152xc.o [1]
  .text              ro code  0x08004f8a     0x4  startup_stm32l152xc.o [1]
  .text              ro code  0x08004f8e     0x4  startup_stm32l152xc.o [1]
  .text              ro code  0x08004f92     0x4  startup_stm32l152xc.o [1]
  .text              ro code  0x08004f96     0x4  startup_stm32l152xc.o [1]
  .text              ro code  0x08004f9a     0x4  startup_stm32l152xc.o [1]
  .text              ro code  0x08004f9e     0x4  startup_stm32l152xc.o [1]
  .text              ro code  0x08004fa2     0x4  startup_stm32l152xc.o [1]
  .text              ro code  0x08004fa6     0x4  startup_stm32l152xc.o [1]
  .text              ro code  0x08004faa     0x4  startup_stm32l152xc.o [1]
  .text              ro code  0x08004fae     0x4  startup_stm32l152xc.o [1]
  .text              ro code  0x08004fb2     0x4  startup_stm32l152xc.o [1]
  .text              ro code  0x08004fb6     0x4  startup_stm32l152xc.o [1]
  .text              ro code  0x08004fba     0x4  startup_stm32l152xc.o [1]
  .text              ro code  0x08004fbe     0x4  startup_stm32l152xc.o [1]
  .text              ro code  0x08004fc2     0x4  startup_stm32l152xc.o [1]
  .text              ro code  0x08004fc6     0x4  startup_stm32l152xc.o [1]
  .text              ro code  0x08004fca     0x4  startup_stm32l152xc.o [1]
  .text              ro code  0x08004fce     0x4  startup_stm32l152xc.o [1]
  .text              ro code  0x08004fd2     0x4  startup_stm32l152xc.o [1]
  .text              ro code  0x08004fd6     0x4  startup_stm32l152xc.o [1]
  .text              ro code  0x08004fda     0x4  startup_stm32l152xc.o [1]
  .text              ro code  0x08004fde     0x4  startup_stm32l152xc.o [1]
  .text              ro code  0x08004fe2     0x4  startup_stm32l152xc.o [1]
  .text              ro code  0x08004fe6     0x4  startup_stm32l152xc.o [1]
  .rodata            const    0x08004fea     0x0  zero_init3.o [5]
  .rodata            const    0x08004fea     0x0  copy_init3.o [5]
                            - 0x08004fea  0x4ec6

"P2", part 1 of 3:                          0x8c
  P2-1                        0x20000000    0x89  <Init block>
    .data            inited   0x20000000     0x4  stm32l152c_discovery.o [1]
    .data            inited   0x20000004     0x4  system_stm32l1xx.o [1]
    .data            inited   0x20000008    0x38  xlocale_c.o [3]
    .data            inited   0x20000040    0x48  xlocale_c.o [3]
    .data            inited   0x20000088     0x1  stm32l152c_discovery_glass_lcd.o [1]
                            - 0x20000089    0x89

"P2", part 2 of 3:                          0xbc
  .bss               zero     0x2000008c    0x58  spi.o [1]
  .bss               zero     0x200000e4    0x3c  stm32l152c_discovery_glass_lcd.o [1]
  .bss               zero     0x20000120    0x10  stm32l152c_discovery_glass_lcd.o [1]
  .bss               zero     0x20000130     0x8  main.o [1]
  .bss               zero     0x20000138     0x4  main.o [1]
  .bss               zero     0x2000013c     0x4  stm32l1xx_hal.o [1]
  .bss               zero     0x20000140     0x4  xfail_s.o [3]
  .bss               zero     0x20000144     0x1  LoRa.o [1]
                            - 0x20000145    0xb9

"P2", part 3 of 3:                         0x400
  CSTACK                      0x20000148   0x400  <Block>
    CSTACK           uninit   0x20000148   0x400  <Block tail>
                            - 0x20000548   0x400


*******************************************************************************
*** INIT TABLE
***

          Address     Size
          -------     ----
Zero (__iar_zero_init3)
    1 destination range, total size 0xb9:
          0x2000008c  0xb9

Copy (__iar_copy_init3)
    1 source range, total size 0x8c (102% of destination):
          0x08004bac  0x8c
    1 destination range, total size 0x89:
          0x20000000  0x89



*******************************************************************************
*** MODULE SUMMARY
***

    Module                            ro code  ro data  rw data
    ------                            -------  -------  -------
C:\Users\rasmu\Documents\GitHub\rc circuit-breaker system\EWARM\transmitter\Obj: [1]
    LoRa.o                                472                 1
    lcd.o                                 184
    main.o                                124       16       12
    spi.o                                 396                88
    startup_stm32l152xc.o                 552
    stm32l152c_discovery.o                204        7        4
    stm32l152c_discovery_glass_lcd.o    3 020       73       77
    stm32l1xx_hal.o                       114                 4
    stm32l1xx_hal_cortex.o                334
    stm32l1xx_hal_gpio.o                  532
    stm32l1xx_hal_lcd.o                   656
    stm32l1xx_hal_msp.o                   152
    stm32l1xx_hal_pwr_ex.o                 16
    stm32l1xx_hal_rcc.o                 3 272
    stm32l1xx_hal_rcc_ex.o                416
    stm32l1xx_hal_spi.o                 1 568
    stm32l1xx_hal_spi_ex.o                140
    stm32l1xx_it.o                         12
    system_stm32l1xx.o                    100       32        4
    system_util.o                         194
    -----------------------------------------------------------
    Total:                             12 458      128      190

command line: [2]
    -----------------------------------------------------------
    Total:

dl7M_tlf.a: [3]
    abort.o                                 6
    exit.o                                  4
    low_level_init.o                        4
    sprintf.o                              64
    xencoding_8859_1.o                     30
    xfail_s.o                              68                 4
    xlocale_c.o                           120      134      128
    xmbcurmax.o                            10
    xprintffull.o                       3 918
    xsprout.o                              10
    -----------------------------------------------------------
    Total:                              4 234      134      132

m7M_tl.a: [4]
    DblAdd.o                              360
    DblCmpGe.o                             46
    DblCmpLe.o                             46
    DblDiv.o                              582
    DblMul.o                              418
    DblSub.o                              226
    DblToS32.o                             58
    DblToU32.o                             40
    S32ToDbl.o                             34
    U32ToDbl.o                             26
    frexp.o                               112
    ldexp.o                               314
    -----------------------------------------------------------
    Total:                              2 262

rt7M_tl.a: [5]
    ABImemclr4.o                            6
    ABImemcpy.o                           166
    ABImemset48.o                          50
    I64DivMod.o                           558
    I64DivZer.o                             2
    cexit.o                                10
    cmain.o                                30
    copy_init3.o                           44
    cstartup_M.o                           12
    data_init.o                            40
    memchr.o                               88
    strchr.o                               22
    strlen.o                               54
    zero_init3.o                           64
    -----------------------------------------------------------
    Total:                              1 146

shb_l.a: [6]
    exit.o                                 20
    -----------------------------------------------------------
    Total:                                 20

    Gaps                                   35        2
    Linker created                                  39    1 024
---------------------------------------------------------------
    Grand Total:                       20 155      303    1 346


*******************************************************************************
*** ENTRY LIST
***

Entry                      Address   Size  Type      Object
-----                      -------   ----  ----      ------
.iar.init_table$$Base   0x08004e20          --   Gb  - Linker created -
.iar.init_table$$Limit  0x08004e44          --   Gb  - Linker created -
?main                   0x08004e45         Code  Gb  cmain.o [5]
AHBPrescTable           0x08004e8c   0x10  Data  Gb  system_stm32l1xx.o [1]
BSP_LCD_GLASS_BarLevelConfig
                        0x08002cc1  0x102  Code  Gb  stm32l152c_discovery_glass_lcd.o [1]
BSP_LCD_GLASS_Clear     0x080035a9    0xa  Code  Gb  stm32l152c_discovery_glass_lcd.o [1]
BSP_LCD_GLASS_DisplayChar
                        0x08002deb  0x784  Code  Gb  stm32l152c_discovery_glass_lcd.o [1]
BSP_LCD_GLASS_DisplayString
                        0x0800356f   0x3a  Code  Gb  stm32l152c_discovery_glass_lcd.o [1]
BSP_LCD_GLASS_Init      0x08002c41   0x80  Code  Gb  stm32l152c_discovery_glass_lcd.o [1]
BSP_LCD_GLASS_WriteChar
                        0x08002dc3   0x28  Code  Gb  stm32l152c_discovery_glass_lcd.o [1]
BSP_PB_GetState         0x08004ae5   0x1a  Code  Gb  stm32l152c_discovery.o [1]
BSP_PB_Init             0x08004a49   0x9c  Code  Gb  stm32l152c_discovery.o [1]
BUTTON_IRQn             0x08001206    0x1  Data  Gb  stm32l152c_discovery.o [1]
BUTTON_PIN              0x080011a2    0x2  Data  Gb  stm32l152c_discovery.o [1]
BUTTON_PORT             0x20000000    0x4  Data  Gb  stm32l152c_discovery.o [1]
CSTACK$$Base            0x20000148          --   Gb  - Linker created -
CSTACK$$Limit           0x20000548          --   Gb  - Linker created -
CacheMore               0x08001095   0x24  Code  Lc  xlocale_c.o [3]
CapLetterMap            0x08004d98   0x34  Data  Gb  stm32l152c_discovery_glass_lcd.o [1]
Convert                 0x080036c1  0x118  Code  Lc  stm32l152c_discovery_glass_lcd.o [1]
Digit                   0x20000120   0x10  Data  Gb  stm32l152c_discovery_glass_lcd.o [1]
Error_Handler           0x08004a2d    0x2  Code  Gb  system_util.o [1]
HAL_Delay               0x08003e59   0x18  Code  Wk  stm32l1xx_hal.o [1]
HAL_GPIO_Init           0x08003c45  0x1be  Code  Gb  stm32l1xx_hal_gpio.o [1]
HAL_GPIO_ReadPin        0x08003e03   0x14  Code  Gb  stm32l1xx_hal_gpio.o [1]
HAL_GPIO_WritePin       0x08003e17   0x14  Code  Gb  stm32l1xx_hal_gpio.o [1]
HAL_GetTick             0x08002aad    0xc  Code  Wk  stm32l1xx_hal.o [1]
HAL_IncTick             0x08004ead   0x10  Code  Wk  stm32l1xx_hal.o [1]
HAL_Init                0x08004a31   0x16  Code  Gb  stm32l1xx_hal.o [1]
HAL_InitTick            0x08002ab9   0x28  Code  Wk  stm32l1xx_hal.o [1]
HAL_LCD_Clear           0x080039a1   0x7c  Code  Gb  stm32l1xx_hal_lcd.o [1]
HAL_LCD_Init            0x0800380d  0x10a  Code  Gb  stm32l1xx_hal_lcd.o [1]
HAL_LCD_MspInit         0x08003e71   0xa0  Code  Gb  lcd.o [1]
HAL_LCD_UpdateDisplayRequest
                        0x08003a1d   0x52  Code  Gb  stm32l1xx_hal_lcd.o [1]
HAL_LCD_Write           0x08003917   0x8a  Code  Gb  stm32l1xx_hal_lcd.o [1]
HAL_MspInit             0x08004b15   0x98  Code  Gb  stm32l1xx_hal_msp.o [1]
HAL_NVIC_EnableIRQ      0x08002bfb    0xe  Code  Gb  stm32l1xx_hal_cortex.o [1]
HAL_NVIC_SetPriority    0x08002bd1   0x2a  Code  Gb  stm32l1xx_hal_cortex.o [1]
HAL_NVIC_SetPriorityGrouping
                        0x08002bc5    0xc  Code  Gb  stm32l1xx_hal_cortex.o [1]
HAL_PWREx_GetVoltageRange
                        0x08002ae1    0xa  Code  Gb  stm32l1xx_hal_pwr_ex.o [1]
HAL_RCCEx_PeriphCLKConfig
                        0x08003aa5  0x18a  Code  Gb  stm32l1xx_hal_rcc_ex.o [1]
HAL_RCC_ClockConfig     0x08002697  0x296  Code  Gb  stm32l1xx_hal_rcc.o [1]
HAL_RCC_GetSysClockFreq
                        0x08002939   0xac  Code  Gb  stm32l1xx_hal_rcc.o [1]
HAL_RCC_OscConfig       0x08001de5  0x8b2  Code  Gb  stm32l1xx_hal_rcc.o [1]
HAL_SPI_Init            0x080048e1   0x8c  Code  Gb  stm32l1xx_hal_spi_ex.o [1]
HAL_SPI_MspInit         0x08004881   0x48  Code  Gb  spi.o [1]
HAL_SPI_Transmit        0x08003f5d  0x1cc  Code  Gb  stm32l1xx_hal_spi.o [1]
HAL_SPI_TransmitReceive
                        0x08004129  0x362  Code  Gb  stm32l1xx_hal_spi.o [1]
HAL_SYSTICK_Config      0x08002c09    0xc  Code  Gb  stm32l1xx_hal_cortex.o [1]
HAL_SYSTICK_IRQHandler  0x08002c35    0x8  Code  Gb  stm32l1xx_hal_cortex.o [1]
LCDBar                  0x20000088    0x1  Data  Gb  stm32l152c_discovery_glass_lcd.o [1]
LCDHandle               0x200000e4   0x3c  Data  Gb  stm32l152c_discovery_glass_lcd.o [1]
LCD_MspInit             0x080035b3  0x106  Code  Lc  stm32l152c_discovery_glass_lcd.o [1]
LCD_WaitForSynchro      0x08003a6f   0x2e  Code  Gb  stm32l1xx_hal_lcd.o [1]
LoadInt                 0x080002f3   0x7a  Code  Lc  xprintffull.o [3]
NVIC_EnableIRQ          0x08002b17   0x16  Code  Lc  stm32l1xx_hal_cortex.o [1]
NVIC_EncodePriority     0x08002b53   0x42  Code  Lc  stm32l1xx_hal_cortex.o [1]
NVIC_GetPriorityGrouping
                        0x08002b0d    0xa  Code  Lc  stm32l1xx_hal_cortex.o [1]
NVIC_SetPriority        0x08002b2d   0x26  Code  Lc  stm32l1xx_hal_cortex.o [1]
NVIC_SetPriorityGrouping
                        0x08002af1   0x1c  Code  Lc  stm32l1xx_hal_cortex.o [1]
NumberMap               0x08004e78   0x14  Data  Gb  stm32l152c_discovery_glass_lcd.o [1]
PLLMulTable             0x08004ebc    0xc  Data  Gb  system_stm32l1xx.o [1]
RCC_SetFlashLatencyFromMSIRange
                        0x080029f1   0x8e  Code  Lc  stm32l1xx_hal_rcc.o [1]
Region$$Table$$Base     0x08004e20          --   Gb  - Linker created -
Region$$Table$$Limit    0x08004e44          --   Gb  - Linker created -
SPI_WaitOnFlagUntilTimeout
                        0x0800448b   0xf2  Code  Lc  stm32l1xx_hal_spi.o [1]
SysTick_Config          0x08002b95   0x30  Code  Lc  stm32l1xx_hal_cortex.o [1]
SysTick_Handler         0x08004ec9    0xc  Code  Gb  stm32l1xx_it.o [1]
SystemClock_Config      0x08004989   0x96  Code  Gb  system_util.o [1]
SystemCoreClock         0x20000004    0x4  Data  Gb  system_stm32l1xx.o [1]
SystemInit              0x08004cf5   0x4c  Code  Gb  system_stm32l1xx.o [1]
_Encoding_8859_1_Mbrlen
                        0x08001085    0x2  Code  Gb  xencoding_8859_1.o [3]
_Encoding_8859_1_Wctomb
                        0x08001073   0x12  Code  Gb  xencoding_8859_1.o [3]
_GenldFull              0x08000d73  0x250  Code  Lc  xprintffull.o [3]
_LdtobFull              0x08000949  0x3fe  Code  Lc  xprintffull.o [3]
_LitobFull              0x080007f1  0x112  Code  Lc  xprintffull.o [3]
_Locale_lconv           0x20000008   0x38  Data  Lc  xlocale_c.o [3]
_PrintfFull             0x08000125  0x1b8  Code  Gb  xprintffull.o [3]
_PutcharsFull           0x08000fc3   0x2e  Code  Lc  xprintffull.o [3]
_PutfldFull             0x0800036d  0x2d0  Code  Lc  xprintffull.o [3]
_PutstrFull             0x08000733   0xbe  Code  Lc  xprintffull.o [3]
_PuttxtFull             0x0800063d   0xf6  Code  Lc  xprintffull.o [3]
_SProut                 0x0800111f    0xa  Code  Gb  xsprout.o [3]
__aeabi_cdcmple         0x080016f5         Code  Gb  DblCmpLe.o [4]
__aeabi_cdrcmple        0x08001725         Code  Gb  DblCmpGe.o [4]
__aeabi_d2iz            0x08001891         Code  Gb  DblToS32.o [4]
__aeabi_d2uiz           0x08001c1d         Code  Gb  DblToU32.o [4]
__aeabi_ddiv            0x080019d5         Code  Gb  DblDiv.o [4]
__aeabi_dmul            0x080014e1         Code  Gb  DblMul.o [4]
__aeabi_dsub            0x080018f1         Code  Gb  DblSub.o [4]
__aeabi_i2d             0x080018cd         Code  Gb  S32ToDbl.o [4]
__aeabi_ldiv0           0x08001c65         Code  Gb  I64DivZer.o [5]
__aeabi_memclr4         0x08003a9d         Code  Gb  ABImemclr4.o [5]
__aeabi_memcpy          0x08001209         Code  Gb  ABImemcpy.o [5]
__aeabi_memcpy4         0x08001229         Code  Gb  ABImemcpy.o [5]
__aeabi_memcpy8         0x08001229         Code  Gb  ABImemcpy.o [5]
__aeabi_ui2d            0x08001c45         Code  Gb  U32ToDbl.o [4]
__aeabi_uldivmod        0x080012b1         Code  Gb  I64DivMod.o [5]
__cmain                 0x08004e45         Code  Gb  cmain.o [5]
__exit                  0x08001dd1   0x14  Code  Gb  exit.o [6]
__iar_Fail_s            0x08001129   0x1e  Code  Gb  xfail_s.o [3]
__iar_Mbcurmax          0x080011fd    0xa  Code  Gb  xmbcurmax.o [3]
__iar_Memchr            0x080011a5         Code  Gb  memchr.o [5]
__iar_Memset4_word      0x08003f29         Code  Gb  ABImemset48.o [5]
__iar_Memset8_word      0x08003f29         Code  Gb  ABImemset48.o [5]
__iar_Strchr            0x08001109         Code  Gb  strchr.o [5]
__iar_copy_init3        0x08004dcd   0x2c  Code  Gb  copy_init3.o [5]
__iar_dadd              0x08001901         Code  Gb  DblSub.o [4]
__iar_data_init3        0x08004df9   0x28  Code  Gb  data_init.o [5]
__iar_dsub              0x08001c69         Code  Gb  DblAdd.o [4]
__iar_dsubStart         0x08001c7b         Code  Gb  DblAdd.o [4]
__iar_frexp             0x08001691         Code  Gb  frexp.o [4]
__iar_frexp64           0x08001685         Code  Gb  frexp.o [4]
__iar_frexpl            0x08001691         Code  Gb  frexp.o [4]
__iar_globLocale        0x20000040   0x48  Data  Lc  xlocale_c.o [3]
__iar_global_Locale     0x08001091    0x4  Code  Gb  xlocale_c.o [3]
__iar_ldexp64           0x08001755         Code  Gb  ldexp.o [4]
__iar_program_start     0x08004ed5         Code  Gb  cstartup_M.o [5]
__iar_scalbln64         0x08001755         Code  Gb  ldexp.o [4]
__iar_scalbn64          0x08001755         Code  Gb  ldexp.o [4]
__iar_systems$$module {Abs}
                        0x00000001         Data  Gb  command line/config [2]
__iar_zero_init3        0x08004d59   0x40  Code  Gb  zero_init3.o [5]
__low_level_init        0x08004e63    0x4  Code  Gb  low_level_init.o [3]
__vector_table          0x08000000         Data  Gb  startup_stm32l152xc.o [1]
_call_main              0x08004e51         Code  Gb  cmain.o [5]
_exit                   0x08004e6d         Code  Gb  cexit.o [5]
_gLocale_mblen          0x080010f1    0x4  Code  Gb  xlocale_c.o [3]
_gLocale_mblenInt       0x080010b9   0x34  Code  Gb  xlocale_c.o [3]
_gLocale_wctomb         0x080010f5    0x4  Code  Gb  xlocale_c.o [3]
_gLocale_wctombInt      0x080010ed    0x4  Code  Gb  xlocale_c.o [3]
_main                   0x08004e5f         Code  Gb  cmain.o [5]
abort                   0x08001c5f    0x6  Code  Gb  abort.o [3]
exit                    0x08004e67    0x4  Code  Gb  exit.o [3]
frexp                   0x08001685         Code  Gb  frexp.o [4]
frexpl                  0x08001685         Code  Gb  frexp.o [4]
hspi1                   0x2000008c   0x58  Data  Gb  spi.o [1]
lcd_display_str         0x08004ca5   0x10  Code  Gb  main.o [1]
ldexp                   0x08001755         Code  Gb  ldexp.o [4]
ldexpl                  0x08001755         Code  Gb  ldexp.o [4]
localeconv              0x080010f9    0x4  Code  Gb  xlocale_c.o [3]
main                    0x08004c39   0x58  Code  Gb  main.o [1]
memchr                  0x080011a5         Code  Gb  memchr.o [5]
rfm96_begin_packet      0x080046e3   0x18  Code  Gb  LoRa.o [1]
rfm96_init              0x0800457d   0xd8  Code  Gb  LoRa.o [1]
rfm96_init::debug_val   0x20000144    0x1  Data  Lc  LoRa.o [1]
rfm96_read_reg          0x08004697   0x10  Code  Gb  LoRa.o [1]
rfm96_send_packet       0x08004737   0x1e  Code  Gb  LoRa.o [1]
rfm96_single_transfer   0x080046a7   0x24  Code  Gb  LoRa.o [1]
rfm96_sleep_mode        0x080046d7    0xc  Code  Gb  LoRa.o [1]
rfm96_spi_disable       0x08004663    0xe  Code  Gb  LoRa.o [1]
rfm96_spi_enable        0x08004655    0xe  Code  Gb  LoRa.o [1]
rfm96_standby_mode      0x080046cb    0xc  Code  Gb  LoRa.o [1]
rfm96_write_packet      0x080046fb   0x3c  Code  Gb  LoRa.o [1]
rfm96_write_reg         0x08004681   0x16  Code  Gb  LoRa.o [1]
scalbln                 0x08001755         Code  Gb  ldexp.o [4]
scalblnl                0x08001755         Code  Gb  ldexp.o [4]
scalbn                  0x08001755         Code  Gb  ldexp.o [4]
scalbnl                 0x08001755         Code  Gb  ldexp.o [4]
scale                   0x08000903   0x46  Code  Lc  xprintffull.o [3]
sec_hand                0x20000140    0x4  Data  Lc  xfail_s.o [3]
sent_packages_num       0x20000138    0x4  Data  Lc  main.o [1]
sent_packages_str       0x20000130    0x8  Data  Lc  main.o [1]
spi_init                0x08004755   0xf6  Code  Gb  spi.o [1]
spi_transmit            0x0800484b   0x18  Code  Gb  spi.o [1]
spi_transmit_receive    0x08004863   0x1e  Code  Gb  spi.o [1]
sprintf                 0x08004cb5   0x40  Code  Gb  sprintf.o [3]
strchr                  0x08001109         Code  Gb  strchr.o [5]
strlen                  0x0800116d         Code  Gb  strlen.o [5]
system_init             0x0800496d   0x1c  Code  Gb  system_util.o [1]
uwTick                  0x2000013c    0x4  Data  Gb  stm32l1xx_hal.o [1]


[1] = C:\Users\rasmu\Documents\GitHub\rc circuit-breaker system\EWARM\transmitter\Obj
[2] = command line
[3] = dl7M_tlf.a
[4] = m7M_tl.a
[5] = rt7M_tl.a
[6] = shb_l.a

  20 155 bytes of readonly  code memory
     303 bytes of readonly  data memory
   1 346 bytes of readwrite data memory

Errors: none
Warnings: none
